main.c:170:5:main	8	static
main.c:239:6:SystemClock_Config	88	static
main.c:292:13:MX_NVIC_Init	8	static
main.c:305:6:Direction_Sonar	16	static
main.c:319:6:Gestion_Commandes	8	static
main.c:894:6:movPark	16	static
main.c:978:6:Park	16	static
main.c:1000:6:controle	8	static
main.c:1011:6:ACS	4	static
main.c:1105:6:Calcul_Vit	4	static
main.c:1118:6:regulateur	24	static
main.c:1209:6:HAL_UART_RxCpltCallback	16	static
main.c:1262:6:HAL_ADC_ConvCpltCallback	16	static
main.c:1271:6:HAL_TIM_PeriodElapsedCallback	16	static
main.c:1308:6:HAL_GPIO_EXTI_Callback	16	static
main.c:1321:6:HAL_ADC_LevelOutOfWindowCallback	16	static
main.c:1325:6:HAL_TIM_IC_CaptureCallback	16	static
main.c:1342:6:_Error_Handler	16	static
