main.c:176:5:main	8	static
main.c:248:6:SystemClock_Config	88	static
main.c:305:13:MX_NVIC_Init	8	static
main.c:322:6:Direction_Sonar	16	static
main.c:336:6:Gestion_Commandes	8	static
main.c:911:6:movPark	4	static
main.c:995:6:Park	24	static
main.c:1041:6:controle	8	static
main.c:1052:6:ACS	4	static
main.c:1146:6:Calcul_Vit	4	static
main.c:1159:6:regulateur	24	static
main.c:1250:6:HAL_UART_RxCpltCallback	24	static
main.c:1347:6:HAL_ADC_ConvCpltCallback	16	static
main.c:1356:6:HAL_TIM_PeriodElapsedCallback	16	static
main.c:1393:6:HAL_GPIO_EXTI_Callback	16	static
main.c:1406:6:HAL_ADC_LevelOutOfWindowCallback	16	static
main.c:1410:6:HAL_TIM_IC_CaptureCallback	16	static
main.c:1419:6:printToXBEE	16	static
main.c:1431:6:_Error_Handler	16	static
